Using launch settings from C:\hops\hOps.web\Properties\launchSettings.json...
Building...
fail: Microsoft.EntityFrameworkCore.Database.Command[20102]
      Failed executing DbCommand (2ms) [Parameters=[], CommandType='Text', CommandTimeout='30']
          ALTER TABLE "LostFoundEntries"
        ENABLE ROW LEVEL SECURITY;

    ALTER TABLE "LostFoundEntries"
        FORCE ROW LEVEL SECURITY;

    DROP POLICY IF EXISTS "LostFoundEntries_select_policy" ON "LostFoundEntries";
    CREATE POLICY "LostFoundEntries_select_policy"
        ON "LostFoundEntries"
        FOR SELECT
        USING (
            COALESCE(current_setting('request.jwt.claim.role', true), '') = 'service_role'
            OR EXISTS (
                SELECT 1
                FROM "UserPropertyAccesses" upa
                WHERE upa."PropertyId" = "LostFoundEntries"."PropertyId"
                  AND upa."ApplicationUserId" = COALESCE(
                        current_setting('request.jwt.claim.user_id', true),
                        current_setting('request.jwt.claim.sub', true),
                        ''
                  )
            )
        );

    DROP POLICY IF EXISTS "LostFoundEntries_insert_policy" ON "LostFoundEntries";
    CREATE POLICY "LostFoundEntries_insert_policy"
        ON "LostFoundEntries"
        FOR INSERT
        WITH CHECK (
            COALESCE(current_setting('request.jwt.claim.role', true), '') = 'service_role'
            OR EXISTS (
                SELECT 1
                FROM "UserPropertyAccesses" upa
                WHERE upa."PropertyId" = "LostFoundEntries"."PropertyId"
                  AND upa."ApplicationUserId" = COALESCE(
                        current_setting('request.jwt.claim.user_id', true),
                        current_setting('request.jwt.claim.sub', true),
                        ''
                  )
            )
        );

    DROP POLICY IF EXISTS "LostFoundEntries_update_policy" ON "LostFoundEntries";
    CREATE POLICY "LostFoundEntries_update_policy"
        ON "LostFoundEntries"
        FOR UPDATE
        USING (
            COALESCE(current_setting('request.jwt.claim.role', true), '') = 'service_role'
            OR EXISTS (
                SELECT 1
                FROM "UserPropertyAccesses" upa
                WHERE upa."PropertyId" = "LostFoundEntries"."PropertyId"
                  AND upa."ApplicationUserId" = COALESCE(
                        current_setting('request.jwt.claim.user_id', true),
                        current_setting('request.jwt.claim.sub', true),
                        ''
                  )
            )
        )
        WITH CHECK (
            COALESCE(current_setting('request.jwt.claim.role', true), '') = 'service_role'
            OR EXISTS (
                SELECT 1
                FROM "UserPropertyAccesses" upa
                WHERE upa."PropertyId" = "LostFoundEntries"."PropertyId"
                  AND upa."ApplicationUserId" = COALESCE(
                        current_setting('request.jwt.claim.user_id', true),
                        current_setting('request.jwt.claim.sub', true),
                        ''
                  )
            )
        );

    DROP POLICY IF EXISTS "LostFoundEntries_delete_policy" ON "LostFoundEntries";
    CREATE POLICY "LostFoundEntries_delete_policy"
        ON "LostFoundEntries"
        FOR DELETE
        USING (
            COALESCE(current_setting('request.jwt.claim.role', true), '') = 'service_role'
            OR EXISTS (
                SELECT 1
                FROM "UserPropertyAccesses" upa
                WHERE upa."PropertyId" = "LostFoundEntries"."PropertyId"
                  AND upa."ApplicationUserId" = COALESCE(
                        current_setting('request.jwt.claim.user_id', true),
                        current_setting('request.jwt.claim.sub', true),
                        ''
                  )
            )
        );
